// Jest Snapshot v1, https://goo.gl/fbAQLP

exports[`Tests in SimpleForm It must match with the spanshot 1`] = `
<div>
  <h1
    class="heading"
  >
    UseEffect — Formulario Simple
  </h1>
  <form
    action="#"
    class="form"
    data-testid="simple-form"
  >
    <div
      class="form__field"
    >
      <label
        class="form__label"
        for="username"
      >
        Nombre del usuario
      </label>
      <input
        class="form__input"
        data-testid="username-input"
        name="username"
        placeholder="Ingrese su nombre"
        type="text"
        value=""
      />
    </div>
    <div
      class="form__field"
    >
      <label
        class="form__label"
        for="email"
      >
        Correo Electrónico
      </label>
      <input
        class="form__input"
        data-testid="email-input"
        name="email"
        placeholder="Ingrese su correo"
        type="email"
        value=""
      />
    </div>
    <div
      class="form__field"
    >
      <label
        class="form__label"
        for="age"
      >
        Edad
      </label>
      <input
        class="form__input"
        data-testid="age-input"
        min="1"
        name="age"
        placeholder="Ingrese su edad"
        type="number"
        value=""
      />
    </div>
  </form>
</div>
`;
