// Jest Snapshot v1, https://goo.gl/fbAQLP

exports[`Tests in MemoHook It must match with snapshot 1`] = `
<div>
  <h2
    class="heading"
  >
    UseMemo
  </h2>
  <p
    class="counter__value"
  >
    Counter: 
    4000
  </p>
  <button
    class="btn"
  >
    +1
  </button>
  <button
    class="btn"
  >
    Show | Hide 
    false
  </button>
  <span>
    4000 iteraciones hechas
  </span>
</div>
`;
